import React, { Component, Fragment } from 'react';
import PropTypes from 'prop-types';
import ReactDOM, { render } from 'react-dom';   
import logo from './logo.svg';
import './App.css';
import { Route, Link, BrowserRouter as Router, NavLink, Switch } from 'react-router-dom';

//Traversing the list element with keys.
const namedata = ["test", "test2", "test3"];
class App extends React.Component {
  render() {
    return (
      <Namelist names = {namedata}/>
    )
  }
}
function Namelist(props)
{
  const nameconst = props.names;
  const showname = nameconst.map((singlename) =>
    <Listitem key={nameconst.toString()} nd={singlename} />
  );
  return (
    <ul>{showname}</ul>
  )
}
function Listitem(props)
{
  return <li>{props.nd}</li>
}
//Traversing the list element
/*
const namedata = ["test", "test2", "test3"];
class App extends React.Component {
  render() {
    return (
      <Namelist names = {namedata}/>
    )
  }
}
function Namelist(props)
{
  const nameconst = props.names;
  const showname = nameconst.map((singlename) =>
    <li>{singlename}</li>
  );
  return (
    <ol>{showname}</ol>
  )
}*/
export default App;
/*
A map is a data collection type where data is stored in the form of pairs. 
It contains a unique key. The value stored in the map must be mapped to the key. 
We cannot store a duplicate pair in the map(). It is because of the uniqueness of 
each stored key. It is mainly used for fast searching and looking up data.

In React, the ?map? method used to traverse and display a list of similar objects 
of a component. A map is not the feature of React. Instead, it is the standard JavaScript 
function that could be called on any array. The map() method creates a new array by calling 
a provided function on every element in the calling array. 
*/


